#-----------------------------------------------------------
# Vivado v2015.2 (64-bit)
# SW Build 1266856 on Fri Jun 26 16:35:25 MDT 2015
# IP Build 1264090 on Wed Jun 24 14:22:01 MDT 2015
# Start of session at: Wed Jun 27 21:31:08 2018
# Process ID: 13060
# Log file: C:/Users/64534/Desktop/新建文件夹/MultipleCycleCPU_verilog-master/MultipleCycleCPU_verilog-master/MultipleCycleCPU_Basys3/vivado.log
# Journal file: C:/Users/64534/Desktop/新建文件夹/MultipleCycleCPU_verilog-master/MultipleCycleCPU_verilog-master/MultipleCycleCPU_Basys3\vivado.jou
#-----------------------------------------------------------
start_gui
open_project C:/Users/64534/Desktop/新建文件夹/MultipleCycleCPU_verilog-master/MultipleCycleCPU_verilog-master/MultipleCycleCPU_Basys3/MultipleCycleCPU_Basys3.xpr
save_project_as project_2 C:/Users/64534/Desktop/project_2 -force
reset_run synth_1
launch_runs synth_1
wait_on_run synth_1
launch_runs impl_1
wait_on_run impl_1
launch_runs impl_1 -to_step write_bitstream
wait_on_run impl_1
open_hw
connect_hw_server
open_hw_target [lindex [get_hw_targets -of_objects [get_hw_servers localhost]] 0]
set_property PROGRAM.FILE {C:/Users/64534/Desktop/project_2/project_2.runs/impl_1/CPU_display.bit} [lindex [get_hw_devices] 0]
current_hw_device [lindex [get_hw_devices] 0]
refresh_hw_device -update_hw_probes false [lindex [get_hw_devices] 0]
set_property PROBES.FILE {} [lindex [get_hw_devices] 0]
set_property PROGRAM.FILE {C:/Users/64534/Desktop/project_2/project_2.runs/impl_1/CPU_display.bit} [lindex [get_hw_devices] 0]
program_hw_devices [lindex [get_hw_devices] 0]
refresh_hw_device [lindex [get_hw_devices] 0]
close_hw_target
close_hw
launch_simulation
source CPU_display.tcl
close_sim
launch_simulation
source CPU_display.tcl
close_sim
launch_simulation
source CPU_display.tcl
reset_run synth_1
launch_runs synth_1
wait_on_run synth_1
launch_runs impl_1
wait_on_run impl_1
launch_runs impl_1 -to_step write_bitstream
wait_on_run impl_1
open_hw
connect_hw_server
open_hw_target [lindex [get_hw_targets -of_objects [get_hw_servers localhost]] 0]
set_property PROGRAM.FILE {C:/Users/64534/Desktop/project_2/project_2.runs/impl_1/CPU_display.bit} [lindex [get_hw_devices] 0]
current_hw_device [lindex [get_hw_devices] 0]
refresh_hw_device -update_hw_probes false [lindex [get_hw_devices] 0]
set_property PROBES.FILE {} [lindex [get_hw_devices] 0]
set_property PROGRAM.FILE {C:/Users/64534/Desktop/project_2/project_2.runs/impl_1/CPU_display.bit} [lindex [get_hw_devices] 0]
program_hw_devices [lindex [get_hw_devices] 0]
refresh_hw_device [lindex [get_hw_devices] 0]
close_hw
open_hw
connect_hw_server
open_hw_target [lindex [get_hw_targets -of_objects [get_hw_servers localhost]] 0]
set_property PROGRAM.FILE {C:/Users/64534/Desktop/project_2/project_2.runs/impl_1/CPU_display.bit} [lindex [get_hw_devices] 0]
current_hw_device [lindex [get_hw_devices] 0]
refresh_hw_device -update_hw_probes false [lindex [get_hw_devices] 0]
set_property PROBES.FILE {} [lindex [get_hw_devices] 0]
set_property PROGRAM.FILE {C:/Users/64534/Desktop/project_2/project_2.runs/impl_1/CPU_display.bit} [lindex [get_hw_devices] 0]
program_hw_devices [lindex [get_hw_devices] 0]
refresh_hw_device [lindex [get_hw_devices] 0]
close_hw_target
close_hw
close_sim
